
 ~~ Phalyfusion! ~~ 
====================

 [OK] No errors found!                                                          

